base-epoll-raw secs=5 requests=218982 Ir=524632968
base-epoll-raw secs=15 requests=587136 Ir=1404596680
new-epoll-raw secs=5 requests=203003 Ir=487671828
new-epoll-raw secs=15 requests=645852 Ir=1548635038
new-strict-epoll-raw secs=5 requests=213285 Ir=512307366
new-strict-epoll-raw secs=15 requests=605875 Ir=1450138690
base-epoll-lines secs=5 requests=69358 Ir=1244097553
base-epoll-lines secs=15 requests=213226 Ir=3821360885
new-epoll-lines secs=5 requests=71637 Ir=1283774914
new-epoll-lines secs=15 requests=209991 Ir=3761996942
new-strict-epoll-lines secs=5 requests=70926 Ir=1272457372
new-strict-epoll-lines secs=15 requests=211648 Ir=3795638624
base-iouring-raw secs=5 requests=206805 Ir=779293424
base-iouring-raw secs=15 requests=621227 Ir=2336267731
new-iouring-raw secs=5 requests=210954 Ir=796243793
new-iouring-raw secs=15 requests=624659 Ir=2353614105
new-strict-iouring-raw secs=5 requests=206513 Ir=778575938
new-strict-iouring-raw secs=15 requests=613333 Ir=2307854664
base-iouring-lines secs=5 requests=76672 Ir=1482754033
base-iouring-lines secs=15 requests=227156 Ir=4389515746
new-iouring-lines secs=5 requests=78638 Ir=1521098660
new-iouring-lines secs=15 requests=234046 Ir=4524318694
new-strict-iouring-lines secs=5 requests=80245 Ir=1551615918
new-strict-iouring-lines secs=15 requests=235393 Ir=4549075260
CG3-DONE
